<h1 id="text">Text</h1>
<figure><img src="first.jpg" alt="first image"><figcaption>Figure: first image</figcaption></figure>
<figure><img src="second.jpg" alt="second image"><figcaption>Figure: second image</figcaption></figure>
<h1 id="figures">Figures</h1>
<p><a href="index.html#fig0.1">Figure: first image</a></p>
<p><a href="index.html#fig0.2">Figure: second image</a></p>
<h1 id="footnote">Footnote</h1>